\BOOKMARK [1][-]{section.1}{\376\377\000I\000n\000t\000r\000o\000d\000u\000c\000t\000i\000o\000n}{}% 1
\BOOKMARK [1][-]{section.2}{\376\377\000R\000e\000l\000a\000t\000e\000d\000\040\000W\000o\000r\000k}{}% 2
\BOOKMARK [2][-]{subsection.2.1}{\376\377\000C\000o\000d\000e\000\040\000Q\000u\000e\000s\000t\000i\000o\000n\000\040\000A\000n\000s\000w\000e\000r\000i\000n\000g}{section.2}% 3
\BOOKMARK [2][-]{subsection.2.2}{\376\377\000R\000e\000t\000r\000i\000e\000v\000a\000l\000-\000A\000u\000g\000m\000e\000n\000t\000e\000d\000\040\000G\000e\000n\000e\000r\000a\000t\000i\000o\000n\000\040\000f\000o\000r\000\040\000C\000o\000d\000e}{section.2}% 4
\BOOKMARK [2][-]{subsection.2.3}{\376\377\000R\000e\000p\000o\000s\000i\000t\000o\000r\000y\000-\000L\000e\000v\000e\000l\000\040\000C\000o\000d\000e\000\040\000U\000n\000d\000e\000r\000s\000t\000a\000n\000d\000i\000n\000g}{section.2}% 5
\BOOKMARK [1][-]{section.3}{\376\377\000M\000e\000t\000h\000o\000d\000o\000l\000o\000g\000y}{}% 6
\BOOKMARK [2][-]{subsection.3.1}{\376\377\000R\000e\000p\000o\000s\000i\000t\000o\000r\000y\000\040\000I\000n\000g\000e\000s\000t\000i\000o\000n\000\040\000\046\000\040\000H\000i\000e\000r\000a\000r\000c\000h\000i\000c\000a\000l\000\040\000S\000u\000m\000m\000a\000r\000i\000z\000a\000t\000i\000o\000n}{section.3}% 7
\BOOKMARK [2][-]{subsection.3.2}{\376\377\000H\000y\000b\000r\000i\000d\000\040\000R\000e\000t\000r\000i\000e\000v\000a\000l\000\040\000w\000i\000t\000h\000\040\000Q\000u\000e\000s\000t\000i\000o\000n\000-\000T\000y\000p\000e\000\040\000R\000o\000u\000t\000i\000n\000g}{section.3}% 8
\BOOKMARK [2][-]{subsection.3.3}{\376\377\000S\000t\000r\000u\000c\000t\000u\000r\000e\000d\000\040\000P\000r\000o\000m\000p\000t\000\040\000G\000e\000n\000e\000r\000a\000t\000i\000o\000n}{section.3}% 9
\BOOKMARK [2][-]{subsection.3.4}{\376\377\000A\000n\000s\000w\000e\000r\000\040\000G\000e\000n\000e\000r\000a\000t\000i\000o\000n\000\040\000\046\000\040\000G\000r\000o\000u\000n\000d\000i\000n\000g\000\040\000V\000e\000r\000i\000f\000i\000c\000a\000t\000i\000o\000n}{section.3}% 10
\BOOKMARK [2][-]{subsection.3.5}{\376\377\000C\000o\000s\000t\000\040\000A\000c\000c\000o\000u\000n\000t\000i\000n\000g}{section.3}% 11
\BOOKMARK [1][-]{section.4}{\376\377\000D\000a\000t\000a\000s\000e\000t\000s}{}% 12
\BOOKMARK [2][-]{subsection.4.1}{\376\377\000P\000r\000i\000m\000a\000r\000y\000\040\000E\000v\000a\000l\000u\000a\000t\000i\000o\000n\000:\000\040\000C\000o\000R\000e\000Q\000A}{section.4}% 13
\BOOKMARK [2][-]{subsection.4.2}{\376\377\000S\000e\000c\000o\000n\000d\000a\000r\000y\000\040\000E\000v\000a\000l\000u\000a\000t\000i\000o\000n\000:\000\040\000S\000W\000E\000-\000Q\000A}{section.4}% 14
\BOOKMARK [2][-]{subsection.4.3}{\376\377\000D\000e\000v\000e\000l\000o\000p\000m\000e\000n\000t\000\040\000R\000e\000p\000o\000s\000i\000t\000o\000r\000i\000e\000s}{section.4}% 15
\BOOKMARK [2][-]{subsection.4.4}{\376\377\000D\000a\000t\000a\000\040\000P\000r\000e\000p\000r\000o\000c\000e\000s\000s\000i\000n\000g}{section.4}% 16
\BOOKMARK [1][-]{section.5}{\376\377\000E\000v\000a\000l\000u\000a\000t\000i\000o\000n\000\040\000M\000e\000t\000r\000i\000c\000s}{}% 17
\BOOKMARK [1][-]{section.6}{\376\377\000E\000x\000p\000e\000r\000i\000m\000e\000n\000t\000\040\000D\000e\000s\000i\000g\000n}{}% 18
\BOOKMARK [2][-]{subsection.6.1}{\376\377\000B\000a\000s\000e\000l\000i\000n\000e\000s}{section.6}% 19
\BOOKMARK [2][-]{subsection.6.2}{\376\377\000A\000b\000l\000a\000t\000i\000o\000n\000\040\000S\000t\000u\000d\000y\000\040\000\050\000R\000Q\0003\000\051}{section.6}% 20
\BOOKMARK [2][-]{subsection.6.3}{\376\377\000E\000x\000p\000e\000c\000t\000e\000d\000\040\000R\000e\000s\000u\000l\000t\000s}{section.6}% 21
\BOOKMARK [1][-]{section.7}{\376\377\000D\000i\000s\000c\000u\000s\000s\000i\000o\000n}{}% 22
\BOOKMARK [2][-]{subsection.7.1}{\376\377\000H\000o\000w\000\040\000D\000a\000t\000a\000\040\000a\000n\000d\000\040\000A\000p\000p\000r\000o\000a\000c\000h\000\040\000A\000d\000d\000r\000e\000s\000s\000\040\000t\000h\000e\000\040\000R\000Q\000s}{section.7}% 23
\BOOKMARK [2][-]{subsection.7.2}{\376\377\000E\000m\000p\000i\000r\000i\000c\000a\000l\000\040\000F\000i\000n\000d\000i\000n\000g\000s\000\040\000\050\000P\000i\000l\000o\000t\000\051}{section.7}% 24
\BOOKMARK [2][-]{subsection.7.3}{\376\377\000B\000r\000o\000a\000d\000e\000r\000\040\000I\000m\000p\000l\000i\000c\000a\000t\000i\000o\000n\000s}{section.7}% 25
\BOOKMARK [1][-]{section.8}{\376\377\000C\000o\000n\000c\000l\000u\000s\000i\000o\000n}{}% 26
\BOOKMARK [2][-]{subsection.8.1}{\376\377\000I\000m\000p\000l\000e\000m\000e\000n\000t\000a\000t\000i\000o\000n\000\040\000S\000u\000m\000m\000a\000r\000y}{section.8}% 27
\BOOKMARK [2][-]{subsection.8.2}{\376\377\000F\000u\000t\000u\000r\000e\000\040\000W\000o\000r\000k}{section.8}% 28
\BOOKMARK [2][-]{subsection.8.3}{\376\377\000L\000i\000m\000i\000t\000a\000t\000i\000o\000n\000s\000\040\000a\000n\000d\000\040\000M\000i\000t\000i\000g\000a\000t\000i\000o\000n\000s}{section.8}% 29
